[
    {
        "id": "help",
        "translation": "help"
    },
    {
        "id": "%s help [COMMAND]",
        "translation": "%s help [COMMAND]"
    },
    {
        "id": "VERSION:",
        "translation": "VERSION:"
    },
    {
        "id": "CF_NAME",
        "translation": "CF_NAME"
    },
    {
        "id": "{{.Title \"NAME:\"}}\n   {{.Name}} - {{.Usage}}\n\n{{.Title \"USAGE:\"}}\n   [environment variables] {{.Name}} [global options] command [arguments...] [command options]\n\n{{.Title \"VERSION:\"}}\n   {{.Version}}\n\n{{.Title \"BUILD TIME:\"}}\n   {{.Compiled}}\n   {{range .Commands}}\n{{.SubTitle .Name}}{{range .CommandSubGroups}}\n{{range .}}   {{.Name}} {{.Description}}\n{{end}}{{end}}{{end}}\n{{.Title \"ENVIRONMENT VARIABLES\"}}\n   CF_COLOR=false                     Do not colorize output\n   CF_HOME=path/to/dir/               Override path to default config directory\n   CF_STAGING_TIMEOUT=15              Max wait time for buildpack staging, in minutes\n   CF_STARTUP_TIMEOUT=5               Max wait time for app instance startup, in minutes\n   CF_TRACE=true                      Print API request diagnostics to stdout\n   CF_TRACE=path/to/trace.log         Append API request diagnostics to a log file\n   HTTP_PROXY=proxy.example.com:8080  Enable HTTP proxying for API requests\n\n{{.Title \"GLOBAL OPTIONS\"}}\n   --version, -v                      Print the version\n   --help, -h                         Show help\n",
        "translation": "{{.Title \"NAME:\"}}\n   {{.Name}} - {{.Usage}}\n\n{{.Title \"USAGE:\"}}\n   [environment variables] {{.Name}} [global options] command [arguments...] [command options]\n\n{{.Title \"VERSION:\"}}\n   {{.Version}}\n\n{{.Title \"BUILD TIME:\"}}\n   {{.Compiled}}\n   {{range .Commands}}\n{{.SubTitle .Name}}{{range .CommandSubGroups}}\n{{range .}}   {{.Name}} {{.Description}}\n{{end}}{{end}}{{end}}\n{{.Title \"ENVIRONMENT VARIABLES\"}}\n   CF_COLOR=false                     Do not colorize output\n   CF_HOME=path/to/dir/               Override path to default config directory\n   CF_STAGING_TIMEOUT=15              Max wait time for buildpack staging, in minutes\n   CF_STARTUP_TIMEOUT=5               Max wait time for app instance startup, in minutes\n   CF_TRACE=true                      Print API request diagnostics to stdout\n   CF_TRACE=path/to/trace.log         Append API request diagnostics to a log file\n   HTTP_PROXY=proxy.example.com:8080  Enable HTTP proxying for API requests\n\n{{.Title \"GLOBAL OPTIONS\"}}\n   --version, -v                      Print the version\n   --help, -h                         Show help\n"
    },
    {
        "id": "h",
        "translation": "h"
    },
    {
        "id": "Show help",
        "translation": "Show help"
    },
    {
        "id": "\n%s\n%s\n\n",
        "translation": "\n%s\n%s\n\n"
    },
    {
        "id": "Jan 2, 2006 3:04PM",
        "translation": "Jan 2, 2006 3:04PM"
    }
]
