[{"id":"Create an org","translation":"Create an org"},{"id":"CF_NAME create-org ORG","translation":"CF_NAME create-org ORG"},{"id":" target -o ","translation":" target -o "},{"id":"create-org","translation":"create-org"},{"id":"co","translation":"co"},{"id":"Incorrect Usage","translation":"Incorrect Usage"},{"id":"Creating org %s as %s...","translation":"Creating org %s as %s..."},{"id":"Org %s already exists","translation":"Org %s already exists"},{"id":"\nTIP: Use '%s' to target new org","translation":"\nTIP: Use '%s' to target new org"}]
