[
   {
      "filename": "../../test_fixtures/extract_strings/d_option/input_files/org/create_org.go",
      "value": "co",
      "offset": 489,
      "line": 21,
      "column": 16
   },
   {
      "filename": "../../test_fixtures/extract_strings/d_option/input_files/org/create_org.go",
      "value": "Incorrect Usage",
      "offset": 760,
      "line": 29,
      "column": 20
   },
   {
      "filename": "../../test_fixtures/extract_strings/d_option/input_files/org/create_org.go",
      "value": "Creating org %s as %s...",
      "offset": 990,
      "line": 43,
      "column": 13
   },
   {
      "filename": "../../test_fixtures/extract_strings/d_option/input_files/org/create_org.go",
      "value": "\nTIP: Use '%s' to target new org",
      "offset": 1392,
      "line": 59,
      "column": 13
   },
   {
      "filename": "../../test_fixtures/extract_strings/d_option/input_files/org/create_org.go",
      "value": " target -o ",
      "offset": 1461,
      "line": 59,
      "column": 82
   },
   {
      "filename": "../../test_fixtures/extract_strings/d_option/input_files/org/create_org.go",
      "value": "create-org",
      "offset": 460,
      "line": 20,
      "column": 16
   },
   {
      "filename": "../../test_fixtures/extract_strings/d_option/input_files/org/create_org.go",
      "value": "Create an org",
      "offset": 510,
      "line": 22,
      "column": 16
   },
   {
      "filename": "../../test_fixtures/extract_strings/d_option/input_files/org/create_org.go",
      "value": "CF_NAME create-org ORG",
      "offset": 542,
      "line": 23,
      "column": 16
   },
   {
      "filename": "../../test_fixtures/extract_strings/d_option/input_files/org/create_org.go",
      "value": "Org %s already exists",
      "offset": 1277,
      "line": 51,
      "column": 16
   }
]