[{"id":"Define a new resource quota","translation":"Define a new resource quota"},{"id":"Total amount of memory (e.g. 1024M, 1G, 10G)","translation":"Total amount of memory (e.g. 1024M, 1G, 10G)"},{"id":"Total number of routes","translation":"Total number of routes"},{"id":"s","translation":"s"},{"id":"Invalid memory limit: %s\n%s","translation":"Invalid memory limit: %s\n%s"},{"id":"Quota Definition %s already exists","translation":"Quota Definition %s already exists"},{"id":"CF_NAME create-quota QUOTA [-m MEMORY] [-r ROUTES] [-s SERVICE_INSTANCES] [--allow-paid-service-plans]","translation":"CF_NAME create-quota QUOTA [-m MEMORY] [-r ROUTES] [-s SERVICE_INSTANCES] [--allow-paid-service-plans]"},{"id":"Creating quota %s as %s...","translation":"Creating quota %s as %s..."},{"id":"create-quota","translation":"create-quota"},{"id":"m","translation":"m"},{"id":"r","translation":"r"},{"id":"Total number of service instances","translation":"Total number of service instances"},{"id":"allow-paid-service-plans","translation":"allow-paid-service-plans"},{"id":"Can provision instances of paid service plans","translation":"Can provision instances of paid service plans"}]
