[{"id":"Delete an org","translation":"Delete an org"},{"id":"CF_NAME delete-org ORG [-f]","translation":"CF_NAME delete-org ORG [-f]"},{"id":"Force deletion without confirmation","translation":"Force deletion without confirmation"},{"id":"Incorrect Usage","translation":"Incorrect Usage"},{"id":"org","translation":"org"},{"id":"Org %s does not exist.","translation":"Org %s does not exist."},{"id":"delete-org","translation":"delete-org"},{"id":"f","translation":"f"},{"id":"Deleting org %s as %s...","translation":"Deleting org %s as %s..."}]
