[
   {
      "filename": "../../test_fixtures/extract_strings/d_option/input_files/quota/delete_quota.go",
      "value": "Delete a quota",
      "offset": 564,
      "line": 23,
      "column": 16
   },
   {
      "filename": "../../test_fixtures/extract_strings/d_option/input_files/quota/delete_quota.go",
      "value": "CF_NAME delete-quota QUOTA [-f]",
      "offset": 597,
      "line": 24,
      "column": 16
   },
   {
      "filename": "../../test_fixtures/extract_strings/d_option/input_files/quota/delete_quota.go",
      "value": "f",
      "offset": 1181,
      "line": 47,
      "column": 13
   },
   {
      "filename": "../../test_fixtures/extract_strings/d_option/input_files/quota/delete_quota.go",
      "value": "Incorrect Usage",
      "offset": 927,
      "line": 33,
      "column": 20
   },
   {
      "filename": "../../test_fixtures/extract_strings/d_option/input_files/quota/delete_quota.go",
      "value": "delete-quota",
      "offset": 972,
      "line": 34,
      "column": 27
   },
   {
      "filename": "../../test_fixtures/extract_strings/d_option/input_files/quota/delete_quota.go",
      "value": "Force deletion without confirmation",
      "offset": 687,
      "line": 26,
      "column": 35
   },
   {
      "filename": "../../test_fixtures/extract_strings/d_option/input_files/quota/delete_quota.go",
      "value": "quota",
      "offset": 1223,
      "line": 48,
      "column": 36
   },
   {
      "filename": "../../test_fixtures/extract_strings/d_option/input_files/quota/delete_quota.go",
      "value": "Deleting quota %s as %s...",
      "offset": 1290,
      "line": 54,
      "column": 13
   },
   {
      "filename": "../../test_fixtures/extract_strings/d_option/input_files/quota/delete_quota.go",
      "value": "Quota %s does not exist",
      "offset": 1580,
      "line": 65,
      "column": 15
   }
]