[{"id":"Delete a quota","translation":"Delete a quota"},{"id":"CF_NAME delete-quota QUOTA [-f]","translation":"CF_NAME delete-quota QUOTA [-f]"},{"id":"Incorrect Usage","translation":"Incorrect Usage"},{"id":"Deleting quota %s as %s...","translation":"Deleting quota %s as %s..."},{"id":"delete-quota","translation":"delete-quota"},{"id":"f","translation":"f"},{"id":"Force deletion without confirmation","translation":"Force deletion without confirmation"},{"id":"quota","translation":"quota"},{"id":"Quota %s does not exist","translation":"Quota %s does not exist"}]
