[
   {
      "filename": "../../test_fixtures/extract_strings/d_option/input_files/org/org.go",
      "value": "Getting info for org %s as %s...",
      "offset": 1019,
      "line": 44,
      "column": 13
   },
   {
      "filename": "../../test_fixtures/extract_strings/d_option/input_files/org/org.go",
      "value": "%s (%dM memory limit, %d routes, %d services, paid services %s)",
      "offset": 1479,
      "line": 62,
      "column": 26
   },
   {
      "filename": "../../test_fixtures/extract_strings/d_option/input_files/org/org.go",
      "value": "  domains: %s",
      "offset": 1683,
      "line": 65,
      "column": 13
   },
   {
      "filename": "../../test_fixtures/extract_strings/d_option/input_files/org/org.go",
      "value": "  spaces:  %s",
      "offset": 1832,
      "line": 67,
      "column": 13
   },
   {
      "filename": "../../test_fixtures/extract_strings/d_option/input_files/org/org.go",
      "value": "org",
      "offset": 422,
      "line": 20,
      "column": 16
   },
   {
      "filename": "../../test_fixtures/extract_strings/d_option/input_files/org/org.go",
      "value": "Show org info",
      "offset": 444,
      "line": 21,
      "column": 16
   },
   {
      "filename": "../../test_fixtures/extract_strings/d_option/input_files/org/org.go",
      "value": "CF_NAME org ORG",
      "offset": 476,
      "line": 22,
      "column": 16
   },
   {
      "filename": "../../test_fixtures/extract_strings/d_option/input_files/org/org.go",
      "value": "Incorrect Usage",
      "offset": 686,
      "line": 28,
      "column": 20
   },
   {
      "filename": "../../test_fixtures/extract_strings/d_option/input_files/org/org.go",
      "value": "\n%s:",
      "offset": 1172,
      "line": 49,
      "column": 13
   },
   {
      "filename": "../../test_fixtures/extract_strings/d_option/input_files/org/org.go",
      "value": "  quota:   %s",
      "offset": 1767,
      "line": 66,
      "column": 13
   }
]