[{"id":"org","translation":"org"},{"id":"Show org info","translation":"Show org info"},{"id":"CF_NAME org ORG","translation":"CF_NAME org ORG"},{"id":"Incorrect Usage","translation":"Incorrect Usage"},{"id":"Getting info for org %s as %s...","translation":"Getting info for org %s as %s..."},{"id":"\n%s:","translation":"\n%s:"},{"id":"%s (%dM memory limit, %d routes, %d services, paid services %s)","translation":"%s (%dM memory limit, %d routes, %d services, paid services %s)"},{"id":"  domains: %s","translation":"  domains: %s"},{"id":"  quota:   %s","translation":"  quota:   %s"},{"id":"  spaces:  %s","translation":"  spaces:  %s"}]
