[
   {
      "filename": "../../test_fixtures/extract_strings/d_option/input_files/org/orgs.go",
      "value": "orgs",
      "offset": 456,
      "line": 20,
      "column": 16
   },
   {
      "filename": "../../test_fixtures/extract_strings/d_option/input_files/org/orgs.go",
      "value": "o",
      "offset": 479,
      "line": 21,
      "column": 16
   },
   {
      "filename": "../../test_fixtures/extract_strings/d_option/input_files/org/orgs.go",
      "value": "List all orgs",
      "offset": 499,
      "line": 22,
      "column": 16
   },
   {
      "filename": "../../test_fixtures/extract_strings/d_option/input_files/org/orgs.go",
      "value": "CF_NAME orgs",
      "offset": 531,
      "line": 23,
      "column": 16
   },
   {
      "filename": "../../test_fixtures/extract_strings/d_option/input_files/org/orgs.go",
      "value": "Getting orgs as %s...\n",
      "offset": 843,
      "line": 35,
      "column": 13
   },
   {
      "filename": "../../test_fixtures/extract_strings/d_option/input_files/org/orgs.go",
      "value": "name",
      "offset": 968,
      "line": 38,
      "column": 33
   },
   {
      "filename": "../../test_fixtures/extract_strings/d_option/input_files/org/orgs.go",
      "value": "Failed fetching orgs.\n%s",
      "offset": 1166,
      "line": 48,
      "column": 17
   },
   {
      "filename": "../../test_fixtures/extract_strings/d_option/input_files/org/orgs.go",
      "value": "No orgs found",
      "offset": 1242,
      "line": 53,
      "column": 14
   }
]