[{"id":"orgs","translation":"orgs"},{"id":"o","translation":"o"},{"id":"List all orgs","translation":"List all orgs"},{"id":"CF_NAME orgs","translation":"CF_NAME orgs"},{"id":"Getting orgs as %s...\n","translation":"Getting orgs as %s...\n"},{"id":"name","translation":"name"},{"id":"Failed fetching orgs.\n%s","translation":"Failed fetching orgs.\n%s"},{"id":"No orgs found","translation":"No orgs found"}]
