[
   {
      "filename": "../../test_fixtures/extract_strings/d_option/input_files/quota/quota.go",
      "value": "quota",
      "offset": 463,
      "line": 21,
      "column": 16
   },
   {
      "filename": "../../test_fixtures/extract_strings/d_option/input_files/quota/quota.go",
      "value": "Show quota info",
      "offset": 525,
      "line": 23,
      "column": 16
   },
   {
      "filename": "../../test_fixtures/extract_strings/d_option/input_files/quota/quota.go",
      "value": "Getting quota %s info as %s...",
      "offset": 953,
      "line": 39,
      "column": 13
   },
   {
      "filename": "../../test_fixtures/extract_strings/d_option/input_files/quota/quota.go",
      "value": "Routes",
      "offset": 1304,
      "line": 50,
      "column": 21
   },
   {
      "filename": "../../test_fixtures/extract_strings/d_option/input_files/quota/quota.go",
      "value": "Services",
      "offset": 1373,
      "line": 51,
      "column": 21
   },
   {
      "filename": "../../test_fixtures/extract_strings/d_option/input_files/quota/quota.go",
      "value": "Paid service plans",
      "offset": 1446,
      "line": 52,
      "column": 21
   },
   {
      "filename": "../../test_fixtures/extract_strings/d_option/input_files/quota/quota.go",
      "value": "CF_NAME quota QUOTA",
      "offset": 487,
      "line": 22,
      "column": 16
   },
   {
      "filename": "../../test_fixtures/extract_strings/d_option/input_files/quota/quota.go",
      "value": "quotas",
      "offset": 753,
      "line": 29,
      "column": 33
   },
   {
      "filename": "../../test_fixtures/extract_strings/d_option/input_files/quota/quota.go",
      "value": "Memory",
      "offset": 1211,
      "line": 49,
      "column": 21
   },
   {
      "filename": "../../test_fixtures/extract_strings/d_option/input_files/quota/quota.go",
      "value": "%d",
      "offset": 1397,
      "line": 51,
      "column": 45
   }
]