[{"id":"rename-org","translation":"rename-org"},{"id":"Rename an org","translation":"Rename an org"},{"id":"CF_NAME rename-org ORG NEW_ORG","translation":"CF_NAME rename-org ORG NEW_ORG"},{"id":"Incorrect Usage","translation":"Incorrect Usage"},{"id":"Renaming org %s to %s as %s...","translation":"Renaming org %s to %s as %s..."}]
