[{"id":"set-quota","translation":"set-quota"},{"id":"Assign a quota to an org","translation":"Assign a quota to an org"},{"id":"CF_NAME set-quota ORG QUOTA\n\n","translation":"CF_NAME set-quota ORG QUOTA\n\n"},{"id":"TIP:\n","translation":"TIP:\n"},{"id":"   View allowable quotas with 'CF_NAME quotas'","translation":"   View allowable quotas with 'CF_NAME quotas'"},{"id":"Incorrect Usage","translation":"Incorrect Usage"},{"id":"Setting quota %s to org %s as %s...","translation":"Setting quota %s to org %s as %s..."}]
