[{"id":"Update an existing resource quota","translation":"Update an existing resource quota"},{"id":"m","translation":"m"},{"id":"n","translation":"n"},{"id":"Total number of service instances","translation":"Total number of service instances"},{"id":"Please choose either allow or disallow. Both flags are not permitted to be passed in the same command. ","translation":"Please choose either allow or disallow. Both flags are not permitted to be passed in the same command. "},{"id":"Total amount of memory (e.g. 1024M, 1G, 10G)","translation":"Total amount of memory (e.g. 1024M, 1G, 10G)"},{"id":"New name","translation":"New name"},{"id":"Can provision instances of paid service plans","translation":"Can provision instances of paid service plans"},{"id":"update-quota","translation":"update-quota"},{"id":"CF_NAME update-quota QUOTA [-m MEMORY] [-n NEW_NAME] [-r ROUTES] [-s SERVICE_INSTANCES] [--allow-paid-service-plans | --disallow-paid-service-plans]","translation":"CF_NAME update-quota QUOTA [-m MEMORY] [-n NEW_NAME] [-r ROUTES] [-s SERVICE_INSTANCES] [--allow-paid-service-plans | --disallow-paid-service-plans]"},{"id":"r","translation":"r"},{"id":"s","translation":"s"},{"id":"allow-paid-service-plans","translation":"allow-paid-service-plans"},{"id":"Updating quota %s as %s...","translation":"Updating quota %s as %s..."},{"id":"Total number of routes","translation":"Total number of routes"},{"id":"disallow-paid-service-plans","translation":"disallow-paid-service-plans"},{"id":"Cannot provision instances of paid service plans","translation":"Cannot provision instances of paid service plans"}]
