[
   {
      "filename": "../../test_fixtures/extract_strings/d_option/input_files/quota/update_quota.go",
      "value": "Total amount of memory (e.g. 1024M, 1G, 10G)",
      "offset": 764,
      "line": 25,
      "column": 36
   },
   {
      "filename": "../../test_fixtures/extract_strings/d_option/input_files/quota/update_quota.go",
      "value": "n",
      "offset": 2398,
      "line": 78,
      "column": 25
   },
   {
      "filename": "../../test_fixtures/extract_strings/d_option/input_files/quota/update_quota.go",
      "value": "Can provision instances of paid service plans",
      "offset": 1047,
      "line": 29,
      "column": 58
   },
   {
      "filename": "../../test_fixtures/extract_strings/d_option/input_files/quota/update_quota.go",
      "value": "Please choose either allow or disallow. Both flags are not permitted to be passed in the same command. ",
      "offset": 1902,
      "line": 56,
      "column": 17
   },
   {
      "filename": "../../test_fixtures/extract_strings/d_option/input_files/quota/update_quota.go",
      "value": "Update an existing resource quota",
      "offset": 504,
      "line": 22,
      "column": 16
   },
   {
      "filename": "../../test_fixtures/extract_strings/d_option/input_files/quota/update_quota.go",
      "value": "CF_NAME update-quota QUOTA [-m MEMORY] [-n NEW_NAME] [-r ROUTES] [-s SERVICE_INSTANCES] [--allow-paid-service-plans | --disallow-paid-service-plans]",
      "offset": 556,
      "line": 23,
      "column": 16
   },
   {
      "filename": "../../test_fixtures/extract_strings/d_option/input_files/quota/update_quota.go",
      "value": "m",
      "offset": 2234,
      "line": 68,
      "column": 58
   },
   {
      "filename": "../../test_fixtures/extract_strings/d_option/input_files/quota/update_quota.go",
      "value": "s",
      "offset": 2456,
      "line": 82,
      "column": 31
   },
   {
      "filename": "../../test_fixtures/extract_strings/d_option/input_files/quota/update_quota.go",
      "value": "allow-paid-service-plans",
      "offset": 1747,
      "line": 53,
      "column": 30
   },
   {
      "filename": "../../test_fixtures/extract_strings/d_option/input_files/quota/update_quota.go",
      "value": "Updating quota %s as %s...",
      "offset": 2533,
      "line": 89,
      "column": 13
   },
   {
      "filename": "../../test_fixtures/extract_strings/d_option/input_files/quota/update_quota.go",
      "value": "update-quota",
      "offset": 2294,
      "line": 71,
      "column": 28
   },
   {
      "filename": "../../test_fixtures/extract_strings/d_option/input_files/quota/update_quota.go",
      "value": "New name",
      "offset": 848,
      "line": 26,
      "column": 36
   },
   {
      "filename": "../../test_fixtures/extract_strings/d_option/input_files/quota/update_quota.go",
      "value": "Total number of routes",
      "offset": 893,
      "line": 27,
      "column": 33
   },
   {
      "filename": "../../test_fixtures/extract_strings/d_option/input_files/quota/update_quota.go",
      "value": "disallow-paid-service-plans",
      "offset": 1807,
      "line": 54,
      "column": 33
   },
   {
      "filename": "../../test_fixtures/extract_strings/d_option/input_files/quota/update_quota.go",
      "value": "r",
      "offset": 2512,
      "line": 86,
      "column": 29
   },
   {
      "filename": "../../test_fixtures/extract_strings/d_option/input_files/quota/update_quota.go",
      "value": "Total number of service instances",
      "offset": 952,
      "line": 28,
      "column": 33
   },
   {
      "filename": "../../test_fixtures/extract_strings/d_option/input_files/quota/update_quota.go",
      "value": "Cannot provision instances of paid service plans",
      "offset": 1157,
      "line": 30,
      "column": 61
   }
]