[
   {
      "id": "An unexpected type of error",
      "translation": "An unexpected type of error",
      "modified": false
   },
   {
      "id": "Potato",
      "translation": "Potato bananana cream pie",
      "modified": false
   },
   {
      "id": "Total extracted strings:",
      "translation": "Total extracted strings:",
      "modified": false
   },
   {
      "id": "Total files parsed:",
      "translation": "Total files parsed:",
      "modified": false
   },
   {
      "id": "Total time:",
      "translation": "Total time:",
      "modified": false
   },
   {
      "id": "a perl-style regular expression for files to ignore, e.g., \".*test.*\"",
      "translation": "a perl-style regular expression for files to ignore, e.g., \".*test.*\"",
      "modified": false
   },
   {
      "id": "create translation files for different languages using a source file",
      "translation": "create translation files for different languages using a source file",
      "modified": false
   },
   {
      "id": "generate standard .po file for translation",
      "translation": "generate standard .po file for translation",
      "modified": false
   },
   {
      "id": "generated files are created in directory to match the package name",
      "translation": "generated files are created in directory to match the package name",
      "modified": false
   },
   {
      "id": "generated files are created in the specified output directory",
      "translation": "generated files are created in the specified output directory",
      "modified": false
   },
   {
      "id": "output directory where the translation files will be placed",
      "translation": "output directory where the translation files will be placed",
      "modified": false
   },
   {
      "id": "prevents any output files from being created",
      "translation": "prevents any output files from being created",
      "modified": false
   },
   {
      "id": "prints the usage",
      "translation": "prints the usage",
      "modified": false
   },
   {
      "id": "recursively extract strings from all files in the same directory as filename or dirName",
      "translation": "recursively extract strings from all files in the same directory as filename or dirName",
      "modified": false
   },
   {
      "id": "the dir name for which all .go files will have their strings extracted",
      "translation": "the dir name for which all .go files will have their strings extracted",
      "modified": false
   },
   {
      "id": "the excluded JSON file name, all strings there will be excluded",
      "translation": "the excluded JSON file name, all strings there will be excluded",
      "modified": false
   },
   {
      "id": "the file name for which strings are extracted",
      "translation": "the file name for which strings are extracted",
      "modified": false
   },
   {
      "id": "the source language of the file, typically also part of the file name, e.g., \"en_US\"",
      "translation": "the source language of the file, typically also part of the file name, e.g., \"en_US\"",
      "modified": false
   },
   {
      "id": "verbose mode where lots of output is generated during execution",
      "translation": "verbose mode where lots of output is generated during execution",
      "modified": false
   },
   {
      "id": "want to extract strings from file or directory",
      "translation": "want to extract strings from file or directory",
      "modified": false
   },
   {
      "id": "your public Google Translate API key which is used to generate translations (charge is applicable)",
      "translation": "your public Google Translate API key which is used to generate translations (charge is applicable)",
      "modified": false
   }
]